// Jest Snapshot v1, https://goo.gl/fbAQLP

exports[` 1`] = `"<div class=\\"search\\"><input type=\\"text\\" placeholder=\\"What kind of video do you want to find?\\"><button type=\\"submit\\" class=\\"btn\\"></button></div>"`;
