// Jest Snapshot v1, https://goo.gl/fbAQLP

exports[` 1`] = `"<div class=\\"section-slider\\"><div class=\\"slider-container\\"><div class=\\"slider\\"></div></div></div><div class=\\"slider-container__button\\"><button class=\\"prev\\"><i class=\\"fa fa-chevron-left fa-2x\\"></i></button><div class=\\"round\\">1</div><button class=\\"next\\"><i class=\\"fa fa-chevron-right fa-2x\\"></i></button></div>"`;

exports[` 2`] = `"<div class=\\"section-slider\\"><div class=\\"slider-container\\"><div class=\\"slider\\"></div></div></div><div class=\\"slider-container__button\\"><button class=\\"prev\\"><i class=\\"fa fa-chevron-left fa-2x\\"></i></button><div class=\\"round\\">1</div><button class=\\"next\\"><i class=\\"fa fa-chevron-right fa-2x\\"></i></button></div>"`;
